// Jest Snapshot v1, https://goo.gl/fbAQLP

exports[`EditItem should match the snapshot 1`] = `
ShallowWrapper {
  Symbol(enzyme.__root__): [Circular],
  Symbol(enzyme.__unrendered__): <EditItem
    completed={false}
    delete={[MockFunction]}
    id="123"
    moveCompleted={[MockFunction]}
    updateItem={[MockFunction]}
    value="test"
  />,
  Symbol(enzyme.__renderer__): Object {
    "batchedUpdates": [Function],
    "checkPropTypes": [Function],
    "getNode": [Function],
    "render": [Function],
    "simulateError": [Function],
    "simulateEvent": [Function],
    "unmount": [Function],
  },
  Symbol(enzyme.__node__): Object {
    "instance": null,
    "key": undefined,
    "nodeType": "host",
    "props": Object {
      "children": Array [
        <input
          checked={false}
          className="list-control complete-item"
          name="completed"
          onChange={[Function]}
          type="checkbox"
        />,
        <textarea
          className="list-item"
          defaultValue="test"
          onKeyDown={[Function]}
          onKeyUp={[Function]}
          placeholder="Add an item . . ."
        />,
        <button
          className="list-control delete"
          onClick={[Function]}
        >
          <i
            class="fas fa-minus-circle delete-item"
          />
        </button>,
      ],
      "className": "list-container",
    },
    "ref": null,
    "rendered": Array [
      Object {
        "instance": null,
        "key": undefined,
        "nodeType": "host",
        "props": Object {
          "checked": false,
          "className": "list-control complete-item",
          "name": "completed",
          "onChange": [Function],
          "type": "checkbox",
        },
        "ref": null,
        "rendered": null,
        "type": "input",
      },
      Object {
        "instance": null,
        "key": undefined,
        "nodeType": "host",
        "props": Object {
          "className": "list-item",
          "defaultValue": "test",
          "onKeyDown": [Function],
          "onKeyUp": [Function],
          "placeholder": "Add an item . . .",
        },
        "ref": null,
        "rendered": null,
        "type": "textarea",
      },
      Object {
        "instance": null,
        "key": undefined,
        "nodeType": "host",
        "props": Object {
          "children": <i
            class="fas fa-minus-circle delete-item"
          />,
          "className": "list-control delete",
          "onClick": [Function],
        },
        "ref": null,
        "rendered": Object {
          "instance": null,
          "key": undefined,
          "nodeType": "host",
          "props": Object {
            "class": "fas fa-minus-circle delete-item",
          },
          "ref": null,
          "rendered": null,
          "type": "i",
        },
        "type": "button",
      },
    ],
    "type": "div",
  },
  Symbol(enzyme.__nodes__): Array [
    Object {
      "instance": null,
      "key": undefined,
      "nodeType": "host",
      "props": Object {
        "children": Array [
          <input
            checked={false}
            className="list-control complete-item"
            name="completed"
            onChange={[Function]}
            type="checkbox"
          />,
          <textarea
            className="list-item"
            defaultValue="test"
            onKeyDown={[Function]}
            onKeyUp={[Function]}
            placeholder="Add an item . . ."
          />,
          <button
            className="list-control delete"
            onClick={[Function]}
          >
            <i
              class="fas fa-minus-circle delete-item"
            />
          </button>,
        ],
        "className": "list-container",
      },
      "ref": null,
      "rendered": Array [
        Object {
          "instance": null,
          "key": undefined,
          "nodeType": "host",
          "props": Object {
            "checked": false,
            "className": "list-control complete-item",
            "name": "completed",
            "onChange": [Function],
            "type": "checkbox",
          },
          "ref": null,
          "rendered": null,
          "type": "input",
        },
        Object {
          "instance": null,
          "key": undefined,
          "nodeType": "host",
          "props": Object {
            "className": "list-item",
            "defaultValue": "test",
            "onKeyDown": [Function],
            "onKeyUp": [Function],
            "placeholder": "Add an item . . .",
          },
          "ref": null,
          "rendered": null,
          "type": "textarea",
        },
        Object {
          "instance": null,
          "key": undefined,
          "nodeType": "host",
          "props": Object {
            "children": <i
              class="fas fa-minus-circle delete-item"
            />,
            "className": "list-control delete",
            "onClick": [Function],
          },
          "ref": null,
          "rendered": Object {
            "instance": null,
            "key": undefined,
            "nodeType": "host",
            "props": Object {
              "class": "fas fa-minus-circle delete-item",
            },
            "ref": null,
            "rendered": null,
            "type": "i",
          },
          "type": "button",
        },
      ],
      "type": "div",
    },
  ],
  Symbol(enzyme.__options__): Object {
    "adapter": ReactSixteenAdapter {
      "options": Object {
        "enableComponentDidUpdateOnSetState": true,
        "legacyContextMode": "parent",
        "lifecycles": Object {
          "componentDidUpdate": Object {
            "onSetState": true,
          },
          "getChildContext": Object {
            "calledByRenderer": false,
          },
          "getDerivedStateFromProps": Object {
            "hasShouldComponentUpdateBug": false,
          },
          "getSnapshotBeforeUpdate": true,
          "setState": Object {
            "skipsComponentDidUpdateOnNullish": true,
          },
        },
      },
    },
  },
  Symbol(enzyme.__childContext__): null,
}
`;
